21:23:57 **** Build of configuration Debug for project ci-cd-class-1 ****
make -j10 all 
arm-none-eabi-gcc -o "ci-cd-class-1.elf" @"objects.list"   -mcpu=cortex-m4 -T"../STM32F401RETX_FLASH.ld" --specs=nosys.specs -Wl,-Map="ci-cd-class-1.map" -Wl,--gc-sections -static --specs=nano.specs -mfpu=fpv4-sp-d16 -mfloat-abi=hard -mthumb -Wl,--start-group -lc -lm -Wl,--end-group
Finished building target: ci-cd-class-1.elf
 
arm-none-eabi-size   ci-cd-class-1.elf 
arm-none-eabi-objdump -h -S  ci-cd-class-1.elf  > "ci-cd-class-1.list"
arm-none-eabi-objcopy  -O binary  ci-cd-class-1.elf  "ci-cd-class-1.bin"
   text	   data	    bss	    dec	    hex	filename
  17120	    172	   1660	  18952	   4a08	ci-cd-class-1.elf
Finished building: default.size.stdout
 
Finished building: ci-cd-class-1.bin
 
Finished building: ci-cd-class-1.list
 

21:23:57 Build Finished. 0 errors, 0 warnings. (took 485ms)

